Private media verified: 40119175 bytes
[0;93m2026-08-22 20:19:16.941011248 [W:onnxruntime:Default, device_discovery.cc:146 GetPciBusId] Skipping pci_bus_id for PCI path at "/sys/devices/LNXSYSTM:00/LNXSYBUS:00/ACPI0004:00/MSFT1000:00/5620e0c7-8062-4dce-aeb7-520c7ef76171" because filename "5620e0c7-8062-4dce-aeb7-520c7ef76171" did not match expected pattern of [0-9a-f]+:[0-9a-f]+:[0-9a-f]+[.][0-9a-f]+[m
Warning: You are sending unauthenticated requests to the HF Hub. Please set a HF_TOKEN to enable higher rate limits and faster downloads.
PIPELINE_STAGE job=private-03-218f95eb stage=source status=started
PIPELINE_STAGE job=private-03-218f95eb stage=source status=completed
PIPELINE_STAGE job=private-03-218f95eb stage=download status=started
PIPELINE_STAGE job=private-03-218f95eb stage=download status=completed
PIPELINE_STAGE job=private-03-218f95eb stage=audio status=started
PIPELINE_STAGE job=private-03-218f95eb stage=audio status=completed
PIPELINE_STAGE job=private-03-218f95eb stage=transcribe status=started
PIPELINE_STAGE job=private-03-218f95eb stage=transcribe status=completed
PIPELINE_STAGE job=private-03-218f95eb stage=clean status=started
PIPELINE_STAGE job=private-03-218f95eb stage=clean status=completed
PIPELINE_STAGE job=private-03-218f95eb stage=finalize_machine status=started
PIPELINE_STAGE job=private-03-218f95eb stage=finalize_machine status=completed
{
  "job_id": "private-03-218f95eb",
  "job_root": "outputs/private-03-218f95eb",
  "stages": [
    {
      "stage": "source",
      "status": "completed",
      "schema_version": 2,
      "job_id": "private-03-218f95eb",
      "input_type": "audio",
      "path": "/tmp/vid-pipeline-private/media.m4a",
      "title": "media",
      "size": 40119175,
      "sha256": "deac80e81454a63fa5ac70c67e5b6fb285bff80d5bd9baaaa24d7f930a947b3e",
      "media": {
        "input_type": "audio",
        "container": "mov,mp4,m4a,3gp,3g2,mj2",
        "audio_codec": "aac",
        "duration_seconds": 2457.220271,
        "sample_rate": 48000,
        "channels": 1,
        "channel_layout": "mono",
        "bit_rate": 128002,
        "has_audio_stream": true,
        "has_video_stream": false,
        "has_attached_picture": false
      }
    },
    {
      "stage": "download",
      "status": "completed",
      "media_path": "/tmp/vid-pipeline-private/media.m4a",
      "downloaded": false
    },
    {
      "stage": "audio",
      "status": "completed",
      "probe": {
        "programs": [],
        "streams": [
          {
            "codec_name": "pcm_s16le",
            "codec_type": "audio",
            "sample_rate": "16000",
            "channels": 1
          }
        ],
        "format": {
          "duration": "2457.258688"
        }
      },
      "audio_profile": "safe",
      "normalize_seconds": 46.945528,
      "ffprobe_seconds": 0.054277
    },
    {
      "stage": "transcribe",
      "status": "completed",
      "duration": 2457.2586875,
      "segments": 875,
      "language": "fa",
      "model": "large-v3-turbo",
      "device": "cpu",
      "timing": {
        "asr_model_load_seconds": 58.568823,
        "asr_inference_seconds": 1574.645451
      }
    },
    {
      "stage": "clean",
      "status": "completed",
      "segments_in": 875,
      "segments_out": 867,
      "paragraphs": 90,
      "language": "fa",
      "markdown": "outputs/private-03-218f95eb/machine/transcript.machine.md",
      "text": "outputs/private-03-218f95eb/machine/transcript.machine.txt",
      "quality": "machine_only"
    },
    {
      "stage": "finalize_machine",
      "status": "machine_processing_complete",
      "schema_version": 4,
      "review_status": "machine_only",
      "job_id": "private-03-218f95eb",
      "source_url": "",
      "final_markdown": "outputs/private-03-218f95eb/final/transcript.final.md",
      "final_text": "outputs/private-03-218f95eb/final/transcript.final.txt",
      "content_preservation": {
        "accepted": true,
        "source_tokens": 6394,
        "candidate_tokens": 6352,
        "length_ratio": 0.9934,
        "token_recall": 0.9934,
        "sequence_similarity": 0.9967,
        "reasons": []
      },
      "warning": "Editorial stage was disabled; this is not a reviewed transcript."
    }
  ]
}
PIPELINE_STAGE stage=accuracy status=started
PIPELINE_STAGE stage=accuracy status=completed
PIPELINE_STAGE stage=review_packaging status=started
PIPELINE_STAGE stage=review_packaging status=completed
PIPELINE_STAGE stage=export status=started
PIPELINE_STAGE stage=export status=completed
{
  "accuracy_stage": {
    "schema_version": 1,
    "status": "accuracy_review_required",
    "generated_at": "2026-08-22T20:54:36.771968+00:00",
    "mode": "fast",
    "config": {
      "mode": "fast",
      "model": "large-v3-turbo",
      "device": "cpu",
      "compute_type": "int8",
      "language": "fa",
      "beam_size": 5,
      "targeted_beam_size": 10,
      "clip_context_seconds": 2.5,
      "max_targeted_segments": 40,
      "vote_similarity": 0.88,
      "minimum_score": 0.72,
      "low_confidence": 0.68,
      "minimum_word_confidence": 0.45,
      "maximum_no_speech": 0.6,
      "minimum_avg_logprob": -1.0,
      "maximum_compression_ratio": 2.4,
      "judge_model": "",
      "judge_base_url": "http://127.0.0.1:11434",
      "whisperx_alignment": false,
      "whisperx_model": "",
      "diarization": false,
      "diarization_required": false,
      "num_speakers": 2,
      "diarization_cache_dir": null,
      "speaker_role_mode": "generic",
      "speaker_role_overrides": {}
    },
    "primary_segment_count": 875,
    "pass_count": 1,
    "targeted_segment_count": 40,
    "disagreement_count": 262,
    "files": {
      "json": "outputs/private-03-218f95eb/accuracy/transcript.consensus.json",
      "markdown": "outputs/private-03-218f95eb/accuracy/transcript.consensus.md",
      "text": "outputs/private-03-218f95eb/accuracy/transcript.consensus.txt",
      "srt": "outputs/private-03-218f95eb/accuracy/transcript.consensus.srt",
      "vtt": "outputs/private-03-218f95eb/accuracy/transcript.consensus.vtt",
      "disagreements": "outputs/private-03-218f95eb/accuracy/disagreements.json",
      "manifest": "outputs/private-03-218f95eb/accuracy/manifest.json"
    },
    "warnings": [],
    "timing": {
      "additional_asr_model_load_seconds": 9.41049,
      "additional_asr_inference_seconds": 533.177167
    },
    "external_reference_used": false
  },
  "accuracy_judge": {
    "status": "disabled",
    "judged": 0
  },
  "accuracy_review": {
    "status": "accuracy_review_required",
    "items": 262,
    "review_html": "outputs/private-03-218f95eb/accuracy/review.html",
    "corrections_template": "outputs/private-03-218f95eb/accuracy/corrections.template.json"
  },
  "accuracy_rebuild": {
    "status": "accuracy_consensus_completed",
    "clean": {
      "segments_in": 875,
      "segments_out": 867,
      "paragraphs": 90,
      "language": "fa",
      "markdown": "outputs/private-03-218f95eb/machine/transcript.machine.md",
      "text": "outputs/private-03-218f95eb/machine/transcript.machine.txt"
    },
    "editorial": {
      "status": "accuracy_consensus_machine_only",
      "fallback_used": false,
      "provider": "deterministic",
      "final_validation": {
        "accepted": true,
        "source_tokens": 6394,
        "candidate_tokens": 6352,
        "length_ratio": 0.9934,
        "token_recall": 0.9934,
        "sequence_similarity": 0.9967,
        "reasons": []
      }
    },
    "content_preservation": {
      "accepted": true,
      "source_tokens": 6394,
      "candidate_tokens": 6352,
      "length_ratio": 0.9934,
      "token_recall": 0.9934,
      "sequence_similarity": 0.9967,
      "reasons": []
    },
    "files": {
      "machine_markdown": "outputs/private-03-218f95eb/machine/transcript.machine.md",
      "machine_text": "outputs/private-03-218f95eb/machine/transcript.machine.txt",
      "final_markdown": "outputs/private-03-218f95eb/final/transcript.final.md",
      "final_text": "outputs/private-03-218f95eb/final/transcript.final.txt",
      "editorial_report": "outputs/private-03-218f95eb/final/editorial-report.json"
    }
  },
  "pre_review_stage": {
    "schema_version": 1,
    "status": "pre_review_complete",
    "generated_at": "2026-08-22T20:54:37.079812+00:00",
    "source": "raw_whisper_audio_only",
    "external_reference_used": false,
    "timing_accuracy": "model_aligned_estimate",
    "segment_count": 875,
    "word_count": 6376,
    "source_raw_json": "outputs/private-03-218f95eb/raw/transcript.raw.json",
    "source_raw_sha256": "dfae0bd78bacc9a3b2e2ba4319efb34900155644b64859fd4be30f50ecacec3b",
    "files": {
      "text": "outputs/private-03-218f95eb/pre_review/transcript.pre-review.txt",
      "markdown": "outputs/private-03-218f95eb/pre_review/transcript.pre-review.md",
      "json": "outputs/private-03-218f95eb/pre_review/transcript.pre-review.json",
      "srt": "outputs/private-03-218f95eb/pre_review/transcript.pre-review.srt",
      "vtt": "outputs/private-03-218f95eb/pre_review/transcript.pre-review.vtt"
    }
  },
  "review_stage": {
    "schema_version": 1,
    "status": "human_review_required",
    "generated_at": "2026-08-22T20:55:20.097946+00:00",
    "job_root": "outputs/private-03-218f95eb",
    "segment_count": 875,
    "review_item_count": 720,
    "required_item_count": 720,
    "external_reference_used": false,
    "quality_source": "outputs/private-03-218f95eb/accuracy/transcript.consensus.json",
    "source_files": {
      "raw_json": "outputs/private-03-218f95eb/raw/transcript.raw.json",
      "machine_text": "outputs/private-03-218f95eb/machine/transcript.machine.txt",
      "final_text": "outputs/private-03-218f95eb/final/transcript.final.txt",
      "audio": "outputs/private-03-218f95eb/audio/audio-16k-mono.wav"
    },
    "source_sha256": {
      "raw_json": "dfae0bd78bacc9a3b2e2ba4319efb34900155644b64859fd4be30f50ecacec3b",
      "machine_text": "c6d739199387c0da622a530f51c64e2a8db5580fd8a8ab288f7ab3086e31e210",
      "final_text": "c6d739199387c0da622a530f51c64e2a8db5580fd8a8ab288f7ab3086e31e210"
    },
    "files": {
      "manifest": "outputs/private-03-218f95eb/review/manifest.json",
      "uncertain_spans": "outputs/private-03-218f95eb/review/uncertain-spans.json",
      "editorial_audit": "outputs/private-03-218f95eb/review/editorial-audit.json",
      "assistant_package": "outputs/private-03-218f95eb/review/assistant-review-package.json",
      "quality_report": "outputs/private-03-218f95eb/review/quality-report.json",
      "review_srt": "outputs/private-03-218f95eb/review/transcript.review.srt",
      "review_vtt": "outputs/private-03-218f95eb/review/transcript.review.vtt",
      "review_markdown": "outputs/private-03-218f95eb/review/review.md",
      "review_html": "outputs/private-03-218f95eb/review/review.html",
      "corrections_template": "outputs/private-03-218f95eb/review/corrections.template.json",
      "review_archive": "outputs/private-03-218f95eb/final/review-package.zip"
    },
    "warnings": []
  },
  "export_stage": {
    "status": "completed",
    "timestamp_source": "/home/runner/work/vid_pipeline/vid_pipeline/outputs/private-03-218f95eb/accuracy/transcript.consensus.json",
    "final_outputs": {
      "markdown": "/home/runner/work/vid_pipeline/vid_pipeline/outputs/private-03-218f95eb/delivery/transcript.md",
      "text": "/home/runner/work/vid_pipeline/vid_pipeline/outputs/private-03-218f95eb/delivery/transcript.txt",
      "timestamped_markdown": "/home/runner/work/vid_pipeline/vid_pipeline/outputs/private-03-218f95eb/delivery/transcript.timestamped.md"
    },
    "exported_speakers": [],
    "exported_effective_speakers": [],
    "exported_effective_speaker_count": 0,
    "source_provenance": {
      "original_download_url": "",
      "source_page_url": "",
      "archive_url": ""
    },
    "export_seconds": 0.050119
  }
}
Expected exactly one delivery file for transcript.md; found 54
